// Jest Snapshot v1, https://goo.gl/fbAQLP

exports[`Loader should render loader successfully 1`] = `
<body>
  <div>
    <span
      class="loader"
    >
      <span
        class="sr-only"
      >
        Loader
      </span>
    </span>
  </div>
</body>
`;
